I'm sorry, but errors were detected in your script. Please correct the
errors listed below, and try again.


File "renpy/common/00speechbubble.rpy", line 384: 'areapicker' is not a keyword argument or valid child for the screen statement.
    areapicker:
              ^

Ren'Py Version: Ren'Py 8.0.3.22090809
Sat Jul  8 11:17:58 2023
